// Vitest Snapshot v1, https://vitest.dev/guide/snapshot.html

exports[`component DialogConfirm.vue > should open and close 1`] = `
"<div class="v-card v-theme--light v-card--density-default v-card--variant-elevated" style="z-index: -1;">
  <!---->
  <div class="v-card__loader">
    <div class="v-progress-linear v-theme--light v-locale--is-ltr" style="top: 0px; height: 0px; --v-progress-linear-height: 2px;" role="progressbar" aria-hidden="true" aria-valuemin="0" aria-valuemax="100">
      <!---->
      <div class="v-progress-linear__background"></div>
      <div class="v-progress-linear__buffer" style="width: 0%;"></div>
      <transition-stub name="fade-transition" appear="false" persisted="false" css="true">
        <div class="v-progress-linear__indeterminate">
          <div class="v-progress-linear__indeterminate long"></div>
          <div class="v-progress-linear__indeterminate short"></div>
        </div>
      </transition-stub>
      <!---->
    </div>
  </div>
  <!---->
  <!---->
  <div class="v-card-text font-weight-bold d-flex"><i class="mdi-alert-circle mdi v-icon notranslate v-theme--light v-icon--size-default text-warning mr-2" aria-hidden="true"></i><span>message</span></div>
  <div class="v-card-actions">
    <div class="v-spacer"></div><button type="button" class="v-btn v-btn--slim v-theme--light text-primary v-btn--density-default v-btn--size-default v-btn--variant-text"><span class="v-btn__overlay"></span><span class="v-btn__underlay"></span>
      <!----><span class="v-btn__content" data-no-activator="">Cancel</span>
      <!---->
      <!---->
    </button><button type="button" class="v-btn v-btn--slim v-theme--light text-primary v-btn--density-default v-btn--size-default v-btn--variant-text"><span class="v-btn__overlay"></span><span class="v-btn__underlay"></span>
      <!----><span class="v-btn__content" data-no-activator="">Confirm</span>
      <!---->
      <!---->
    </button>
    <div class="v-spacer"></div>
  </div>
  <!---->
  <!----><span class="v-card__underlay"></span>
</div>"
`;
